<?xml version="1.0" encoding="utf-8"?><testsuites><testsuite name="pytest" errors="0" failures="0" skipped="10" tests="189" time="23.273" timestamp="2025-05-05T08:58:18.047827-04:00" hostname="Eddies-Mac-mini.local"><testcase classname="tests.test_real_world" name="test_real_world[archive-of-our-own]" time="4.462" /><testcase classname="tests.test_content_cleaning" name="test_content_cleaning[basic-tags-cleaning]" time="0.017" /><testcase classname="tests.test_html_parsing" name="test_individual_case" time="0.001"><skipped type="pytest.skip" message="No test case specified">/Users/eddie/projects/python-readability/tests/helpers.py:12: No test case specified</skipped></testcase><testcase classname="tests.test_visibility_detection" name="test_individual_case" time="0.001"><skipped type="pytest.skip" message="No test case specified">/Users/eddie/projects/python-readability/tests/helpers.py:12: No test case specified</skipped></testcase><testcase classname="tests.test_visibility_detection" name="test_visibility_detection[hidden-nodes]" time="0.010" /><testcase classname="tests.test_html_parsing" name="test_html_parsing[comment-inside-script-parsing]" time="0.013" /><testcase classname="tests.test_visibility_detection" name="test_visibility_detection[remove-aria-hidden]" time="0.011" /><testcase classname="tests.test_html_parsing" name="test_html_parsing[svg-parsing]" time="0.018" /><testcase classname="tests.test_content_cleaning" name="test_content_cleaning[js-link-replacement]" time="0.005" /><testcase classname="tests.test_content_cleaning" name="test_content_cleaning[keep-images]" time="1.475" /><testcase classname="tests.test_text_normalization" name="test_individual_case" time="0.000"><skipped type="pytest.skip" message="No test case specified">/Users/eddie/projects/python-readability/tests/helpers.py:12: No test case specified</skipped></testcase><testcase classname="tests.test_text_normalization" name="test_text_normalization[normalize-spaces]" time="0.006" /><testcase classname="tests.test_text_normalization" name="test_text_normalization[rtl-3]" time="0.008" /><testcase classname="tests.test_metadata_extraction" name="test_individual_case" time="0.000"><skipped type="pytest.skip" message="No test case specified">/Users/eddie/projects/python-readability/tests/helpers.py:12: No test case specified</skipped></testcase><testcase classname="tests.test_metadata_extraction" name="test_metadata_extraction[003-metadata-preferred]" time="0.009" /><testcase classname="tests.test_text_normalization" name="test_text_normalization[rtl-4]" time="0.008" /><testcase classname="tests.test_metadata_extraction" name="test_metadata_extraction[004-metadata-space-separated-properties]" time="0.007" /><testcase classname="tests.test_text_normalization" name="test_text_normalization[qq]" time="0.350" /><testcase classname="tests.test_metadata_extraction" name="test_metadata_extraction[metadata-content-missing]" time="0.008" /><testcase classname="tests.test_content_identification" name="test_individual_case" time="0.000"><skipped type="pytest.skip" message="No test case specified">/Users/eddie/projects/python-readability/tests/helpers.py:12: No test case specified</skipped></testcase><testcase classname="tests.test_content_identification" name="test_content_identification[001]" time="0.224" /><testcase classname="tests.test_content_identification" name="test_content_identification[002]" time="6.800" /><testcase classname="tests.test_real_world" name="test_individual_case" time="0.000"><skipped type="pytest.skip" message="No test case specified">/Users/eddie/projects/python-readability/tests/helpers.py:12: No test case specified</skipped></testcase><testcase classname="tests.test_real_world" name="test_real_world[aclu]" time="0.093" /><testcase classname="tests.test_real_world" name="test_real_world[aktualne]" time="0.487" /><testcase classname="tests.test_real_world" name="test_real_world[wikipedia]" time="21.613" /><testcase classname="tests.test_content_cleaning" name="test_content_cleaning[missing-paragraphs]" time="0.029" /><testcase classname="tests.test_content_cleaning" name="test_content_cleaning[remove-script-tags]" time="0.013" /><testcase classname="tests.test_content_cleaning" name="test_content_cleaning[replace-brs]" time="0.015" /><testcase classname="tests.test_content_cleaning" name="test_content_cleaning[replace-font-tags]" time="0.010" /><testcase classname="tests.test_url_handling" name="test_individual_case" time="0.000"><skipped type="pytest.skip" message="No test case specified">/Users/eddie/projects/python-readability/tests/helpers.py:12: No test case specified</skipped></testcase><testcase classname="tests.test_url_handling" name="test_url_handling[base-url]" time="0.025" /><testcase classname="tests.test_url_handling" name="test_url_handling[base-url-base-element]" time="0.025" /><testcase classname="tests.test_url_handling" name="test_url_handling[base-url-base-element-relative]" time="0.025" /><testcase classname="tests.test_utils.TestToAbsoluteUri" name="test_empty_inputs" time="0.000" /><testcase classname="tests.test_utils.TestToAbsoluteUri" name="test_exception_handling" time="0.000" /><testcase classname="tests.test_utils.TestToAbsoluteUri" name="test_hash_fragment" time="0.000" /><testcase classname="tests.test_utils.TestToAbsoluteUri" name="test_relative_path" time="0.000" /><testcase classname="tests.test_utils.TestStrOr" name="test_all_empty" time="0.000" /><testcase classname="tests.test_utils.TestStrOr" name="test_empty_args" time="0.000" /><testcase classname="tests.test_utils.TestStrOr" name="test_multiple_arguments" time="0.000" /><testcase classname="tests.test_utils.TestStrOr" name="test_non_string_values" time="0.000" /><testcase classname="tests.test_utils.TestStrOr" name="test_single_argument" time="0.000" /><testcase classname="tests.test_utils.TestListToDict" name="test_duplicate_items" time="0.000" /><testcase classname="tests.test_utils.TestListToDict" name="test_empty_list" time="0.000" /><testcase classname="tests.test_utils.TestListToDict" name="test_mixed_list" time="0.000" /><testcase classname="tests.test_utils.TestListToDict" name="test_string_list" time="0.000" /><testcase classname="tests.test_utils.TestStrFilter" name="test_complex_filter" time="0.000" /><testcase classname="tests.test_utils.TestStrFilter" name="test_empty_list" time="0.000" /><testcase classname="tests.test_utils.TestStrFilter" name="test_filter_by_content" time="0.000" /><testcase classname="tests.test_utils.TestStrFilter" name="test_filter_by_length" time="0.000" /><testcase classname="tests.test_utils.TestTrim" name="test_empty_string" time="0.000" /><testcase classname="tests.test_utils.TestTrim" name="test_internal_whitespace" time="0.000" /><testcase classname="tests.test_utils.TestTrim" name="test_leading_trailing_whitespace" time="0.000" /><testcase classname="tests.test_utils.TestTrim" name="test_mixed_whitespace" time="0.000" /><testcase classname="tests.test_utils.TestTrim" name="test_no_whitespace" time="0.000" /><testcase classname="tests.test_utils.TestNormalizeSpaces" name="test_empty_string" time="0.000" /><testcase classname="tests.test_utils.TestNormalizeSpaces" name="test_internal_whitespace" time="0.000" /><testcase classname="tests.test_utils.TestNormalizeSpaces" name="test_leading_trailing_whitespace" time="0.000" /><testcase classname="tests.test_utils.TestNormalizeSpaces" name="test_mixed_whitespace" time="0.000" /><testcase classname="tests.test_utils.TestNormalizeSpaces" name="test_no_whitespace" time="0.000" /><testcase classname="tests.test_errors" name="test_error_module_imports" time="0.000" /><testcase classname="tests.test_errors.TestErrorType" name="test_error_types_exist" time="0.000" /><testcase classname="tests.test_errors.TestErrorType" name="test_error_types_are_unique" time="0.000" /><testcase classname="tests.test_errors.TestErrorBoundary" name="test_normal_execution" time="0.000" /><testcase classname="tests.test_errors.TestErrorBoundary" name="test_exception_handling" time="0.001" /><testcase classname="tests.test_errors.TestErrorBoundary" name="test_continue_on_error" time="0.000" /><testcase classname="tests.test_errors.TestErrorBoundary" name="test_context_tracking" time="0.000" /><testcase classname="tests.test_errors.TestErrorBoundary" name="test_method_chaining" time="0.000" /><testcase classname="tests.test_errors.TestErrorBoundary" name="test_json_output_format" time="0.000" /><testcase classname="tests.test_errors.TestWithErrorBoundary" name="test_decorator_basic_functionality" time="0.000" /><testcase classname="tests.test_errors.TestWithErrorBoundary" name="test_decorator_with_custom_name" time="0.000" /><testcase classname="tests.test_errors.TestWithErrorBoundary" name="test_decorator_passes_options" time="0.000" /><testcase classname="tests.test_errors.TestRealScenarios" name="test_file_not_found_scenario" time="0.000" /><testcase classname="tests.test_errors.TestRealScenarios" name="test_file_not_found_scenario_mocked" time="0.001" /><testcase classname="tests.test_errors.TestRealScenarios" name="test_network_error_scenario" time="0.006" /><testcase classname="tests.test_errors.TestRealScenarios" name="test_network_error_scenario_mocked" time="0.001" /><testcase classname="tests.test_errors.TestRealScenarios" name="test_network_error_variations[exception0-connection error]" time="0.001" /><testcase classname="tests.test_errors.TestRealScenarios" name="test_network_error_variations[exception1-timeout error]" time="0.001" /><testcase classname="tests.test_errors.TestRealScenarios" name="test_network_error_variations[exception2-too many redirects]" time="0.001" /><testcase classname="tests.test_errors.TestRealScenarios" name="test_network_error_variations[exception3-general error]" time="0.001" /><testcase classname="tests.test_errors.TestRealScenarios" name="test_file_error_variations[exception0-1]" time="0.001" /><testcase classname="tests.test_errors.TestRealScenarios" name="test_file_error_variations[exception1-5]" time="0.001" /><testcase classname="tests.test_errors.TestRealScenarios" name="test_file_error_variations[exception2-1]" time="0.001" /><testcase classname="tests.test_errors.TestRealScenarios" name="test_nested_error_boundaries" time="0.000" /><testcase classname="tests.test_cli.TestParseArgs" name="test_parse_args_defaults" time="0.001" /><testcase classname="tests.test_cli.TestParseArgs" name="test_parse_args_with_values" time="0.001" /><testcase classname="tests.test_cli.TestFetchContent" name="test_fetch_content_http_error" time="0.001" /><testcase classname="tests.test_cli.TestFetchContent" name="test_fetch_content_network_error" time="0.001" /><testcase classname="tests.test_cli.TestFetchContent" name="test_fetch_content_success" time="0.001" /><testcase classname="tests.test_cli.TestFetchContent" name="test_fetch_content_with_user_agent" time="0.001" /><testcase classname="tests.test_cli.TestReadFile" name="test_read_file_binary_mode" time="0.001" /><testcase classname="tests.test_cli.TestReadFile" name="test_read_file_not_found" time="0.000" /><testcase classname="tests.test_cli.TestReadFile" name="test_read_file_text_mode" time="0.001" /><testcase classname="tests.test_cli.TestReadStdin" name="test_read_stdin_binary_mode" time="0.001" /><testcase classname="tests.test_cli.TestReadStdin" name="test_read_stdin_interactive" time="0.001" /><testcase classname="tests.test_cli.TestReadStdin" name="test_read_stdin_io_error" time="0.001" /><testcase classname="tests.test_cli.TestReadStdin" name="test_read_stdin_keyboard_interrupt" time="0.001" /><testcase classname="tests.test_cli.TestReadStdin" name="test_read_stdin_text_mode" time="0.001" /><testcase classname="tests.test_cli.TestProcessContent" name="test_process_content_html_format" time="0.001" /><testcase classname="tests.test_cli.TestProcessContent" name="test_process_content_json_format" time="0.001" /><testcase classname="tests.test_cli.TestProcessContent" name="test_process_content_no_content" time="0.001" /><testcase classname="tests.test_cli.TestProcessContent" name="test_process_content_parser_error" time="0.001" /><testcase classname="tests.test_cli.TestProcessContent" name="test_process_content_text_format" time="0.001" /><testcase classname="tests.test_cli.TestProcessContent" name="test_process_content_unknown_format" time="0.001" /><testcase classname="tests.test_cli.TestProcessContent" name="test_process_content_with_debug" time="0.001" /><testcase classname="tests.test_cli.TestProcessContent" name="test_process_content_with_url" time="0.001" /><testcase classname="tests.test_cli.TestWriteOutput" name="test_write_output_file_error" time="0.000" /><testcase classname="tests.test_cli.TestWriteOutput" name="test_write_output_to_file" time="0.001" /><testcase classname="tests.test_cli.TestWriteOutput" name="test_write_output_to_stdout" time="0.000" /><testcase classname="tests.test_cli.TestMain" name="test_main_file_input_success" time="0.001" /><testcase classname="tests.test_cli.TestMain" name="test_main_file_not_found" time="0.001" /><testcase classname="tests.test_cli.TestMain" name="test_main_keyboard_interrupt" time="0.000"><skipped type="pytest.skip" message="This test causes actual KeyboardInterrupt that's not caught by the test framework">/Users/eddie/projects/python-readability/tests/test_cli.py:865: This test causes actual KeyboardInterrupt that's not caught by the test framework</skipped></testcase><testcase classname="tests.test_cli.TestMain" name="test_main_network_error" time="0.001" /><testcase classname="tests.test_cli.TestMain" name="test_main_output_error" time="0.001" /><testcase classname="tests.test_cli.TestMain" name="test_main_parsing_error" time="0.001" /><testcase classname="tests.test_cli.TestMain" name="test_main_specific_parsing_errors" time="0.001" /><testcase classname="tests.test_cli.TestMain" name="test_main_stdin_input_success" time="0.001" /><testcase classname="tests.test_cli.TestMain" name="test_main_unexpected_error" time="0.000"><skipped type="pytest.skip" message="This test causes actual RuntimeError that's not caught by the test framework">/Users/eddie/projects/python-readability/tests/test_cli.py:882: This test causes actual RuntimeError that's not caught by the test framework</skipped></testcase><testcase classname="tests.test_cli.TestMain" name="test_main_url_input_success" time="0.001" /><testcase classname="tests.test_regexps.TestRegexps" name="test_constants" time="0.000" /><testcase classname="tests.test_regexps.TestRegexps" name="test_rx_b64_data_url" time="0.000" /><testcase classname="tests.test_regexps.TestRegexps" name="test_rx_byline" time="0.000" /><testcase classname="tests.test_regexps.TestRegexps" name="test_rx_cdata" time="0.000" /><testcase classname="tests.test_regexps.TestRegexps" name="test_rx_display_none" time="0.000" /><testcase classname="tests.test_regexps.TestRegexps" name="test_rx_favicon_size" time="0.000" /><testcase classname="tests.test_regexps.TestRegexps" name="test_rx_has_content" time="0.000" /><testcase classname="tests.test_regexps.TestRegexps" name="test_rx_hash_url" time="0.000" /><testcase classname="tests.test_regexps.TestRegexps" name="test_rx_img_extensions" time="0.000" /><testcase classname="tests.test_regexps.TestRegexps" name="test_rx_json_ld_article_types" time="0.000" /><testcase classname="tests.test_regexps.TestRegexps" name="test_rx_lazy_image_src" time="0.000" /><testcase classname="tests.test_regexps.TestRegexps" name="test_rx_lazy_image_srcset" time="0.000" /><testcase classname="tests.test_regexps.TestRegexps" name="test_rx_maybe_candidate" time="0.000" /><testcase classname="tests.test_regexps.TestRegexps" name="test_rx_name_pattern" time="0.000" /><testcase classname="tests.test_regexps.TestRegexps" name="test_rx_negative_class" time="0.000" /><testcase classname="tests.test_regexps.TestRegexps" name="test_rx_normalize_spaces" time="0.000" /><testcase classname="tests.test_regexps.TestRegexps" name="test_rx_positive_class" time="0.000" /><testcase classname="tests.test_regexps.TestRegexps" name="test_rx_property_pattern" time="0.000" /><testcase classname="tests.test_regexps.TestRegexps" name="test_rx_schema_org" time="0.000" /><testcase classname="tests.test_regexps.TestRegexps" name="test_rx_sentence_period" time="0.000" /><testcase classname="tests.test_regexps.TestRegexps" name="test_rx_share_elements" time="0.000" /><testcase classname="tests.test_regexps.TestRegexps" name="test_rx_srcset_url" time="0.000" /><testcase classname="tests.test_regexps.TestRegexps" name="test_rx_title_any_separator" time="0.000" /><testcase classname="tests.test_regexps.TestRegexps" name="test_rx_title_hierarchy_sep" time="0.000" /><testcase classname="tests.test_regexps.TestRegexps" name="test_rx_title_remove_1st_part" time="0.000" /><testcase classname="tests.test_regexps.TestRegexps" name="test_rx_title_remove_final_part" time="0.000" /><testcase classname="tests.test_regexps.TestRegexps" name="test_rx_title_separator" time="0.000" /><testcase classname="tests.test_regexps.TestRegexps" name="test_rx_tokenize" time="0.000" /><testcase classname="tests.test_regexps.TestRegexps" name="test_rx_unlikely_candidates" time="0.000" /><testcase classname="tests.test_regexps.TestRegexps" name="test_rx_videos" time="0.000" /><testcase classname="tests.test_regexps.TestRegexps" name="test_rx_visibility_hidden" time="0.000" /><testcase classname="tests.test_regexps.TestRegexps" name="test_rx_whitespace" time="0.000" /><testcase classname="tests.test_regexps.TestHelperFunctions" name="test_count_commas" time="0.000" /><testcase classname="tests.test_regexps.TestHelperFunctions" name="test_evaluate_class_weight" time="0.000" /><testcase classname="tests.test_regexps.TestHelperFunctions" name="test_is_byline" time="0.000" /><testcase classname="tests.test_regexps.TestHelperFunctions" name="test_is_negative_class" time="0.000" /><testcase classname="tests.test_regexps.TestHelperFunctions" name="test_is_positive_class" time="0.000" /><testcase classname="tests.test_regexps.TestHelperFunctions" name="test_is_unlikely_candidate" time="0.000" /><testcase classname="tests.test_regexps.TestHelperFunctions" name="test_maybe_its_a_candidate" time="0.000" /><testcase classname="tests.test_regexps.TestHelperFunctions" name="test_normalize_spaces" time="0.000" /><testcase classname="tests.test_real_world" name="test_real_world[ars-1]" time="0.324" /><testcase classname="tests.test_real_world" name="test_real_world[bbc-1]" time="1.532" /><testcase classname="tests.test_real_world" name="test_real_world[blogger]" time="0.773" /><testcase classname="tests.test_content_cleaning" name="test_individual_case" time="0.000"><skipped type="pytest.skip" message="No test case specified">/Users/eddie/projects/python-readability/tests/helpers.py:12: No test case specified</skipped></testcase><testcase classname="tests.test_utils.TestCharCount" name="test_empty_string" time="0.000" /><testcase classname="tests.test_utils.TestCharCount" name="test_simple_string" time="0.000" /><testcase classname="tests.test_utils.TestCharCount" name="test_special_characters" time="0.000" /><testcase classname="tests.test_utils.TestIsValidUrl" name="test_edge_cases" time="0.000" /><testcase classname="tests.test_utils.TestIsValidUrl" name="test_invalid_urls" time="0.000" /><testcase classname="tests.test_utils.TestIsValidUrl" name="test_valid_urls" time="0.000" /><testcase classname="tests.test_utils.TestToAbsoluteUri" name="test_absolute_path" time="0.000" /><testcase classname="tests.test_utils.TestToAbsoluteUri" name="test_absolute_url" time="0.000" /><testcase classname="tests.test_utils.TestToAbsoluteUri" name="test_data_uri" time="0.000" /><testcase classname="tests.test_real_world" name="test_real_world[breitbart]" time="0.688" /><testcase classname="tests.test_real_world" name="test_real_world[ehow-2]" time="0.328" /><testcase classname="tests.test_real_world" name="test_real_world[herald-sun-1]" time="0.227" /><testcase classname="tests.test_real_world" name="test_real_world[medium-1]" time="1.453" /><testcase classname="tests.test_real_world" name="test_real_world[medium-2]" time="0.234" /><testcase classname="tests.test_real_world" name="test_real_world[mozilla-1]" time="0.431" /><testcase classname="tests.test_real_world" name="test_real_world[nytimes-1]" time="0.755" /><testcase classname="tests.test_utils.TestIndexOf" name="test_element_exists" time="0.000" /><testcase classname="tests.test_utils.TestIndexOf" name="test_element_not_exists" time="0.000" /><testcase classname="tests.test_utils.TestIndexOf" name="test_first_occurrence" time="0.000" /><testcase classname="tests.test_utils.TestWordCount" name="test_empty_string" time="0.000" /><testcase classname="tests.test_utils.TestWordCount" name="test_multiple_spaces" time="0.000" /><testcase classname="tests.test_utils.TestWordCount" name="test_multiple_words" time="0.000" /><testcase classname="tests.test_utils.TestWordCount" name="test_newlines_and_tabs" time="0.000" /><testcase classname="tests.test_utils.TestWordCount" name="test_single_word" time="0.000" /><testcase classname="tests.test_utils.TestWordCount" name="test_special_characters" time="0.000" /></testsuite></testsuites>